Microchip MPLAB XC8 Compiler V1.35 ()

Linker command line:

--edf=C:\Program Files (x86)\Microchip\xc8\v1.35\dat\en_msgs.txt -cs \
  -h+dist/default/production\OmegaBlade.X.production.sym \
  --cmf=dist/default/production\OmegaBlade.X.production.cmf -z -Q16F1788 \
  -oC:\Users\Ben\AppData\Local\Temp\s5g.2 \
  -Mdist/default/production/OmegaBlade.X.production.map -E1 -ver=XC8 \
  -ASTACK=02069h-027efh -pstack=STACK -ACODE=00h-07FFhx8 \
  -ASTRCODE=00h-03FFFh -ASTRING=00h-0FFhx64 -ACONST=00h-0FFhx64 \
  -AENTRY=00h-0FFhx64 -ACOMMON=070h-07Fh -ABANK0=020h-06Fh \
  -ABANK1=0A0h-0EFh -ABANK2=0120h-016Fh -ABANK3=01A0h-01EFh \
  -ABANK4=0220h-026Fh -ABANK5=02A0h-02EFh -ABANK6=0320h-036Fh \
  -ABANK7=03A0h-03EFh -ABANK8=0420h-046Fh -ABANK9=04A0h-04EFh \
  -ABANK10=0520h-056Fh -ABANK11=05A0h-05EFh -ABANK12=0620h-066Fh \
  -ABANK13=06A0h-06EFh -ABANK14=0720h-076Fh -ABANK15=07A0h-07EFh \
  -ABANK16=0820h-086Fh -ABANK17=08A0h-08EFh -ABANK18=0920h-096Fh \
  -ABANK19=09A0h-09EFh -ABANK20=0A20h-0A6Fh -ABANK21=0AA0h-0AEFh \
  -ABANK22=0B20h-0B6Fh -ABANK23=0BA0h-0BEFh -ABANK24=0C20h-0C6Fh \
  -ABANK25=0CA0h-0CBFh -ABIGRAM=02000h-027EFh \
  -ARAM=020h-06Fh,0A0h-0EFh,0120h-016Fh,01A0h-01EFh,0220h-026Fh,02A0h-02EFh,0320h-036Fh,03A0h-03EFh,0420h-046Fh,04A0h-04EFh,0520h-056Fh,05A0h-05EFh,0620h-066Fh,06A0h-06EFh,0720h-076Fh,07A0h-07EFh,0820h-086Fh,08A0h-08EFh,0920h-096Fh,09A0h-09EFh,0A20h-0A6Fh,0AA0h-0AEFh,0B20h-0B6Fh,0BA0h-0BEFh,0C20h-0C6Fh,0CA0h-0CBFh \
  -AABS1=020h-07Fh,0A0h-0EFh,0120h-016Fh,01A0h-01EFh,0220h-026Fh,02A0h-02EFh,0320h-036Fh,03A0h-03EFh,0420h-046Fh,04A0h-04EFh,0520h-056Fh,05A0h-05EFh,0620h-066Fh,06A0h-06EFh,0720h-076Fh,07A0h-07EFh,0820h-086Fh,08A0h-08EFh,0920h-096Fh,09A0h-09EFh,0A20h-0A6Fh,0AA0h-0AEFh,0B20h-0B6Fh,0BA0h-0BEFh,0C20h-0C6Fh,0CA0h-0CBFh \
  -ASFR0=00h-01Fh -ASFR1=080h-09Fh -ASFR2=0100h-011Fh -ASFR3=0180h-019Fh \
  -ASFR4=0200h-021Fh -ASFR5=0280h-029Fh -ASFR6=0300h-031Fh \
  -ASFR7=0380h-039Fh -ASFR8=0400h-041Fh -ASFR9=0480h-049Fh \
  -ASFR10=0500h-051Fh -ASFR11=0580h-059Fh -ASFR12=0600h-061Fh \
  -ASFR13=0680h-069Fh -ASFR14=0700h-071Fh -ASFR15=0780h-079Fh \
  -ASFR16=0800h-081Fh -ASFR17=0880h-089Fh -ASFR18=0900h-091Fh \
  -ASFR19=0980h-099Fh -ASFR20=0A00h-0A1Fh -ASFR21=0A80h-0A9Fh \
  -ASFR22=0B00h-0B1Fh -ASFR23=0B80h-0B9Fh -ASFR24=0C00h-0C1Fh \
  -ASFR25=0C80h-0C9Fh -ASFR26=0D00h-0D6Fh -ASFR27=0D80h-0DEFh \
  -ASFR28=0E00h-0E6Fh -ASFR29=0E80h-0EEFh -ASFR30=0F00h-0F6Fh \
  -ASFR31=0F80h-0FEFh -preset_vec=00h,intentry=04h,init,end_init \
  -ppowerup=CODE -pcinit=CODE -pfunctab=CODE -ACONFIG=08007h-08008h \
  -pconfig=CONFIG -DCONFIG=2 -AIDLOC=08000h-08003h -pidloc=IDLOC -DIDLOC=2 \
  -AEEDATA=00h-0FFh/0F000h -peeprom_data=EEDATA -DEEDATA=2 -DCODE=2 \
  -DSTRCODE=2 -DSTRING=2 -DCONST=2 -DENTRY=2 -k \
  C:\Users\Ben\AppData\Local\Temp\s5g.obj \
  dist/default/production\OmegaBlade.X.production.obj 

Object code version is 3.11

Machine type is 16F1788



                Name                               Link     Load   Length Selector   Space Scale
C:\Users\Ben\AppData\Local\Temp\s5g.obj
                end_init                             37       37        2        8       0
                reset_vec                             0        0        2        0       0
                config                             8007     8007        2    1000E       0
dist/default/production\OmegaBlade.X.production.obj
                cinit                                39       39       16        8       0
                intentry                              4        4       33        8       0
                text35                              803      803        5     1006       0
                text34                             1E2B     1E2B       10     3C56       0
                text33                             1160     1160       BB     22C0       0
                text32                             121B     121B       BB     2436       0
                text31                             12D6     12D6       BB     25AC       0
                text30                             1391     1391       BB     2722       0
                text29                             144C     144C       BB     2898       0
                text28                             1507     1507       BB     2A0E       0
                text27                             15C2     15C2       BB     2B84       0
                text26                             10A6     10A6       BA     214C       0
                text25                              C40      C40      3C0     1880       0
                text24                             1ECE     1ECE       88     3D9C       0
                text22                              7F7      7F7        5        8       0
                text21                             1E4E     1E4E       29     3C9C       0
                text20                              45E      45E      15D        8       0
                text19                             1E3B     1E3B       13     3C76       0
                text18                             173C     173C       C4     2E78       0
                text17                              86C      86C       C4     10D8       0
                text16                              930      930       C4     1260       0
                text15                              9F4      9F4       C4     13E8       0
                text14                              AB8      AB8       C4     1570       0
                text13                              B7C      B7C       C4     16F8       0
                text12                              6FA      6FA       C4        8       0
                text11                             167D     167D       BF     2CFA       0
                text10                               4F       4F      40F        8       0
                text9                              101C     101C       8A     2038       0
                text8                              1007     1007       15     200E       0
                text7                               7FC      7FC        3        8       0
                text6                               7BE      7BE       39        8       0
                text5                              1E1C     1E1C        F     3C38       0
                text4                              1F56     1F56       AA     3EAC       0
                text3                              1EA1     1EA1       2D     3D42       0
                text2                               5BB      5BB      13F        8       0
                text1                              1E77     1E77       2A     3CEE       0
                maintext                            808      808       64     1010       0
                cstackBANK0                          20       20       30       20       1
                cstackCOMMON                         70       70        D       70       1
                cstackBANK1                          A0       A0       16       A0       1
                bssBANK1                             B6       B6        3       A0       1
                dataBANK0                            59       59        1       20       1
                bssBANK0                             50       50        9       20       1
                bssCOMMON                            7D       7D        1       70       1
                stringtext                         2000     2000       89     4000       0
                idataBANK0                          7FF      7FF        1        8       0

TOTAL           Name                               Link     Load   Length     Space
        CLASS   STACK          

        CLASS   CODE           
                end_init                             37       37        2         0
                cinit                                39       39       16         0
                intentry                              4        4       33         0
                reset_vec                             0        0        2         0
                text35                              803      803        5         0
                text34                             1E2B     1E2B       10         0
                text33                             1160     1160       BB         0
                text32                             121B     121B       BB         0
                text31                             12D6     12D6       BB         0
                text30                             1391     1391       BB         0
                text29                             144C     144C       BB         0
                text28                             1507     1507       BB         0
                text27                             15C2     15C2       BB         0
                text26                             10A6     10A6       BA         0
                text25                              C40      C40      3C0         0
                text24                             1ECE     1ECE       88         0
                text22                              7F7      7F7        5         0
                text21                             1E4E     1E4E       29         0
                text20                              45E      45E      15D         0
                text19                             1E3B     1E3B       13         0
                text18                             173C     173C       C4         0
                text17                              86C      86C       C4         0
                text16                              930      930       C4         0
                text15                              9F4      9F4       C4         0
                text14                              AB8      AB8       C4         0
                text13                              B7C      B7C       C4         0
                text12                              6FA      6FA       C4         0
                text11                             167D     167D       BF         0
                text10                               4F       4F      40F         0
                text9                              101C     101C       8A         0
                text8                              1007     1007       15         0
                text7                               7FC      7FC        3         0
                text6                               7BE      7BE       39         0
                text5                              1E1C     1E1C        F         0
                text4                              1F56     1F56       AA         0
                text3                              1EA1     1EA1       2D         0
                text2                               5BB      5BB      13F         0
                text1                              1E77     1E77       2A         0
                maintext                            808      808       64         0
                idataBANK0                          7FF      7FF        1         0

        CLASS   STRCODE        
                stringtext                         2000     2000       89         0

        CLASS   STRING         

        CLASS   CONST          

        CLASS   ENTRY          

        CLASS   COMMON         
                cstackCOMMON                         70       70        D         1
                bssCOMMON                            7D       7D        1         1

        CLASS   BANK0          
                cstackBANK0                          20       20       30         1
                dataBANK0                            59       59        1         1
                bssBANK0                             50       50        9         1

        CLASS   BANK1          
                cstackBANK1                          A0       A0       16         1
                bssBANK1                             B6       B6        3         1

        CLASS   BANK2          

        CLASS   BANK3          

        CLASS   BANK4          

        CLASS   BANK5          

        CLASS   BANK6          

        CLASS   BANK7          

        CLASS   BANK8          

        CLASS   BANK9          

        CLASS   BANK10         

        CLASS   BANK11         

        CLASS   BANK12         

        CLASS   BANK13         

        CLASS   BANK14         

        CLASS   BANK15         

        CLASS   BANK16         

        CLASS   BANK17         

        CLASS   BANK18         

        CLASS   BANK19         

        CLASS   BANK20         

        CLASS   BANK21         

        CLASS   BANK22         

        CLASS   BANK23         

        CLASS   BANK24         

        CLASS   BANK25         

        CLASS   BIGRAM         

        CLASS   RAM            

        CLASS   ABS1           
                abs_s1                               7E       7E        2         1

        CLASS   SFR0           

        CLASS   SFR1           

        CLASS   SFR2           

        CLASS   SFR3           

        CLASS   SFR4           

        CLASS   SFR5           

        CLASS   SFR6           

        CLASS   SFR7           

        CLASS   SFR8           

        CLASS   SFR9           

        CLASS   SFR10          

        CLASS   SFR11          

        CLASS   SFR12          

        CLASS   SFR13          

        CLASS   SFR14          

        CLASS   SFR15          

        CLASS   SFR16          

        CLASS   SFR17          

        CLASS   SFR18          

        CLASS   SFR19          

        CLASS   SFR20          

        CLASS   SFR21          

        CLASS   SFR22          

        CLASS   SFR23          

        CLASS   SFR24          

        CLASS   SFR25          

        CLASS   SFR26          

        CLASS   SFR27          

        CLASS   SFR28          

        CLASS   SFR29          

        CLASS   SFR30          

        CLASS   SFR31          

        CLASS   CONFIG         
                config                             8007     8007        2         0

        CLASS   IDLOC          

        CLASS   EEDATA         

        CLASS   BANK31         

        CLASS   BANK30         

        CLASS   BANK29         

        CLASS   BANK28         

        CLASS   BANK27         

        CLASS   BANK26         



SEGMENTS        Name                           Load    Length   Top    Selector   Space  Class     Delta

                reset_vec                      000000  000002  000002         0       0  CODE        2
                intentry                       000004  0007FC  000800         8       0  CODE        2
                cstackBANK0                    000020  00003A  00005A        20       1  BANK0       1
                cstackCOMMON                   000070  00000E  00007E        70       1  COMMON      1
                cstackBANK1                    0000A0  000019  0000B9        A0       1  BANK1       1
                text35                         000803  000005  000808      1006       0  CODE        2
                maintext                       000808  000064  00086C      1010       0  CODE        2
                text17                         00086C  0000C4  000930      10D8       0  CODE        2
                text16                         000930  0000C4  0009F4      1260       0  CODE        2
                text15                         0009F4  0000C4  000AB8      13E8       0  CODE        2
                text14                         000AB8  0000C4  000B7C      1570       0  CODE        2
                text13                         000B7C  0000C4  000C40      16F8       0  CODE        2
                text25                         000C40  0003C0  001000      1880       0  CODE        2
                text8                          001007  000015  00101C      200E       0  CODE        2
                text9                          00101C  00008A  0010A6      2038       0  CODE        2
                text26                         0010A6  0000BA  001160      214C       0  CODE        2
                text33                         001160  0000BB  00121B      22C0       0  CODE        2
                text32                         00121B  0000BB  0012D6      2436       0  CODE        2
                text31                         0012D6  0000BB  001391      25AC       0  CODE        2
                text30                         001391  0000BB  00144C      2722       0  CODE        2
                text29                         00144C  0000BB  001507      2898       0  CODE        2
                text28                         001507  0000BB  0015C2      2A0E       0  CODE        2
                text27                         0015C2  0000BB  00167D      2B84       0  CODE        2
                text11                         00167D  0000BF  00173C      2CFA       0  CODE        2
                text18                         00173C  0000C4  001800      2E78       0  CODE        2
                text5                          001E1C  00000F  001E2B      3C38       0  CODE        2
                text34                         001E2B  000010  001E3B      3C56       0  CODE        2
                text19                         001E3B  000013  001E4E      3C76       0  CODE        2
                text21                         001E4E  000029  001E77      3C9C       0  CODE        2
                text1                          001E77  00002A  001EA1      3CEE       0  CODE        2
                text3                          001EA1  00002D  001ECE      3D42       0  CODE        2
                text24                         001ECE  000088  001F56      3D9C       0  CODE        2
                text4                          001F56  0000AA  002000      3EAC       0  CODE        2
                stringtext                     002000  000089  002089      4000       0  STRCODE     2
                config                         008007  000002  008009     1000E       0  CONFIG      2


UNUSED ADDRESS RANGES

        Name                Unused          Largest block    Delta
        BANK0            0005A-0006F              16           1
        BANK1            000B9-000EF              37           1
        BANK10           00520-0056F              50           1
        BANK11           005A0-005EF              50           1
        BANK12           00620-0066F              50           1
        BANK13           006A0-006EF              50           1
        BANK14           00720-0076F              50           1
        BANK15           007A0-007EF              50           1
        BANK16           00820-0086F              50           1
        BANK17           008A0-008EF              50           1
        BANK18           00920-0096F              50           1
        BANK19           009A0-009EF              50           1
        BANK2            00120-0016F              50           1
        BANK20           00A20-00A6F              50           1
        BANK21           00AA0-00AEF              50           1
        BANK22           00B20-00B6F              50           1
        BANK23           00BA0-00BEF              50           1
        BANK24           00C20-00C6F              50           1
        BANK25           00CA0-00CBF              20           1
        BANK3            001A0-001EF              50           1
        BANK4            00220-0026F              50           1
        BANK5            002A0-002EF              50           1
        BANK6            00320-0036F              50           1
        BANK7            003A0-003EF              50           1
        BANK8            00420-0046F              50           1
        BANK9            004A0-004EF              50           1
        BIGRAM           02000-027EF             7F0           1
        CODE             00002-00003               2           2
                         00800-00802               3
                         01000-01006               7
                         01800-01E1B             61C
                         02089-03FFF             800
        CONST            00002-00003               2           2
                         00800-00802               3
                         01000-01006               7
                         01800-01E1B             100
                         02089-03FFF             100
        EEDATA           0F000-0F0FF             100           2
        ENTRY            00002-00003               2           2
                         00800-00802               3
                         01000-01006               7
                         01800-01E1B             100
                         02089-03FFF             100
        IDLOC            08000-08003               4           2
        RAM              0005A-0006F              16           1
                         000B9-000EF              37
                         00120-0016F              50
                         001A0-001EF              50
                         00220-0026F              50
                         002A0-002EF              50
                         00320-0036F              50
                         003A0-003EF              50
                         00420-0046F              50
                         004A0-004EF              50
                         00520-0056F              50
                         005A0-005EF              50
                         00620-0066F              50
                         006A0-006EF              50
                         00720-0076F              50
                         007A0-007EF              50
                         00820-0086F              50
                         008A0-008EF              50
                         00920-0096F              50
                         009A0-009EF              50
                         00A20-00A6F              50
                         00AA0-00AEF              50
                         00B20-00B6F              50
                         00BA0-00BEF              50
                         00C20-00C6F              50
                         00CA0-00CBF              20
        SFR0             00000-0001F              20           1
        SFR1             00080-0009F              20           1
        SFR10            00500-0051F              20           1
        SFR11            00580-0059F              20           1
        SFR12            00600-0061F              20           1
        SFR13            00680-0069F              20           1
        SFR14            00700-0071F              20           1
        SFR15            00780-0079F              20           1
        SFR16            00800-0081F              20           1
        SFR17            00880-0089F              20           1
        SFR18            00900-0091F              20           1
        SFR19            00980-0099F              20           1
        SFR2             00100-0011F              20           1
        SFR20            00A00-00A1F              20           1
        SFR21            00A80-00A9F              20           1
        SFR22            00B00-00B1F              20           1
        SFR23            00B80-00B9F              20           1
        SFR24            00C00-00C1F              20           1
        SFR25            00C80-00C9F              20           1
        SFR26            00D00-00D6F              70           1
        SFR27            00D80-00DEF              70           1
        SFR28            00E00-00E6F              70           1
        SFR29            00E80-00EEF              70           1
        SFR3             00180-0019F              20           1
        SFR30            00F00-00F6F              70           1
        SFR31            00F80-00FEF              70           1
        SFR4             00200-0021F              20           1
        SFR5             00280-0029F              20           1
        SFR6             00300-0031F              20           1
        SFR7             00380-0039F              20           1
        SFR8             00400-0041F              20           1
        SFR9             00480-0049F              20           1
        STACK            02069-027EF             787           1
        STRCODE          00002-00003               2           2
                         00800-00802               3
                         01000-01006               7
                         01800-01E1B             61C
                         02089-03FFF            1F77
        STRING           00002-00003               2           2
                         00800-00802               3
                         01000-01006               7
                         01800-01E1B             100
                         02089-03FFF             100

                                  Symbol Table

_ADCON0                                            (abs)        0009D
_ADCON1                                            (abs)        0009E
_ADCON2                                            (abs)        0009F
_ADGO                                              (abs)        004E9
_ADRES                                             (abs)        0009B
_ANSELA                                            (abs)        0018C
_ANSELB                                            (abs)        0018D
_BRG16                                             (abs)        00CFB
_BRGH                                              (abs)        00CF2
_CREN                                              (abs)        00CEC
_D1cycles                                          bssBANK0     00050
_D2cycles                                          bssBANK0     00052
_Davgcycles                                        bssBANK0     00054
_GIE                                               (abs)        0005F
_INTCON                                            (abs)        0000B
_IOCAF                                             (abs)        00393
_IOCAF1                                            (abs)        01C99
_IOCAFbits                                         (abs)        00393
_IOCAN                                             (abs)        00392
_IOCAP                                             (abs)        00391
_LATBbits                                          (abs)        0010D
_OSCCON                                            (abs)        00099
_P1MDLBIT                                          (abs)        07495
_PIE4                                              (abs)        00094
_PIR1bits                                          (abs)        00011
_PORTBbits                                         (abs)        0000D
_PSMC1ASDC                                         (abs)        00E9D
_PSMC1ASDL                                         (abs)        00E9E
_PSMC1ASDS                                         (abs)        00E9F
_PSMC1BLKF                                         (abs)        00EAC
_PSMC1BLKR                                         (abs)        00EAB
_PSMC1BLNK                                         (abs)        00E97
_PSMC1CLK                                          (abs)        00E94
_PSMC1CON                                          (abs)        00E91
_PSMC1DBF                                          (abs)        00EAA
_PSMC1DBR                                          (abs)        00EA9
_PSMC1DCH                                          (abs)        00EA4
_PSMC1DCL                                          (abs)        00EA3
_PSMC1DCS                                          (abs)        00E9B
_PSMC1FEBS                                         (abs)        00E99
_PSMC1FFA                                          (abs)        00EAD
_PSMC1INT                                          (abs)        00EA0
_PSMC1MDL                                          (abs)        00E92
_PSMC1OEN                                          (abs)        00E95
_PSMC1PHH                                          (abs)        00EA2
_PSMC1PHL                                          (abs)        00EA1
_PSMC1PHS                                          (abs)        00E9A
_PSMC1POL                                          (abs)        00E96
_PSMC1PRH                                          (abs)        00EA6
_PSMC1PRL                                          (abs)        00EA5
_PSMC1PRS                                          (abs)        00E9C
_PSMC1REBS                                         (abs)        00E98
_PSMC1STR0                                         (abs)        00EAE
_PSMC1STR1                                         (abs)        00EAF
_PSMC1SYNC                                         (abs)        00E93
_PSMC2ASDC                                         (abs)        00EBD
_PSMC2ASDL                                         (abs)        00EBE
_PSMC2ASDS                                         (abs)        00EBF
_PSMC2BLKF                                         (abs)        00ECC
_PSMC2BLKR                                         (abs)        00ECB
_PSMC2BLNK                                         (abs)        00EB7
_PSMC2CLK                                          (abs)        00EB4
_PSMC2CON                                          (abs)        00EB1
_PSMC2DBF                                          (abs)        00ECA
_PSMC2DBR                                          (abs)        00EC9
_PSMC2DCH                                          (abs)        00EC4
_PSMC2DCL                                          (abs)        00EC3
_PSMC2DCS                                          (abs)        00EBB
_PSMC2FEBS                                         (abs)        00EB9
_PSMC2FFA                                          (abs)        00ECD
_PSMC2INT                                          (abs)        00EC0
_PSMC2LD                                           (abs)        0758E
_PSMC2MDL                                          (abs)        00EB2
_PSMC2OEN                                          (abs)        00EB5
_PSMC2PHH                                          (abs)        00EC2
_PSMC2PHL                                          (abs)        00EC1
_PSMC2PHS                                          (abs)        00EBA
_PSMC2POL                                          (abs)        00EB6
_PSMC2PRH                                          (abs)        00EC6
_PSMC2PRL                                          (abs)        00EC5
_PSMC2PRS                                          (abs)        00EBC
_PSMC2REBS                                         (abs)        00EB8
_PSMC2STR0                                         (abs)        00ECE
_PSMC2STR1                                         (abs)        00ECF
_PSMC2SYNC                                         (abs)        00EB3
_PSMC3ASDC                                         (abs)        00EDD
_PSMC3ASDL                                         (abs)        00EDE
_PSMC3ASDS                                         (abs)        00EDF
_PSMC3BLKF                                         (abs)        00EEC
_PSMC3BLKR                                         (abs)        00EEB
_PSMC3BLNK                                         (abs)        00ED7
_PSMC3CLK                                          (abs)        00ED4
_PSMC3CON                                          (abs)        00ED1
_PSMC3DBF                                          (abs)        00EEA
_PSMC3DBR                                          (abs)        00EE9
_PSMC3DCH                                          (abs)        00EE4
_PSMC3DCL                                          (abs)        00EE3
_PSMC3DCS                                          (abs)        00EDB
_PSMC3FEBS                                         (abs)        00ED9
_PSMC3FFA                                          (abs)        00EED
_PSMC3INT                                          (abs)        00EE0
_PSMC3LD                                           (abs)        0768E
_PSMC3MDL                                          (abs)        00ED2
_PSMC3OEN                                          (abs)        00ED5
_PSMC3PHH                                          (abs)        00EE2
_PSMC3PHL                                          (abs)        00EE1
_PSMC3PHS                                          (abs)        00EDA
_PSMC3POL                                          (abs)        00ED6
_PSMC3PRH                                          (abs)        00EE6
_PSMC3PRL                                          (abs)        00EE5
_PSMC3PRS                                          (abs)        00EDC
_PSMC3REBS                                         (abs)        00ED8
_PSMC3STR0                                         (abs)        00EEE
_PSMC3STR1                                         (abs)        00EEF
_PSMC3SYNC                                         (abs)        00ED3
_PSMC4ASDC                                         (abs)        00F1D
_PSMC4ASDL                                         (abs)        00F1E
_PSMC4ASDS                                         (abs)        00F1F
_PSMC4BLKF                                         (abs)        00F2C
_PSMC4BLKR                                         (abs)        00F2B
_PSMC4BLNK                                         (abs)        00F17
_PSMC4CLK                                          (abs)        00F14
_PSMC4CON                                          (abs)        00F11
_PSMC4DBF                                          (abs)        00F2A
_PSMC4DBR                                          (abs)        00F29
_PSMC4DCH                                          (abs)        00F24
_PSMC4DCL                                          (abs)        00F23
_PSMC4DCS                                          (abs)        00F1B
_PSMC4FEBS                                         (abs)        00F19
_PSMC4FFA                                          (abs)        00F2D
_PSMC4INT                                          (abs)        00F20
_PSMC4LD                                           (abs)        0788E
_PSMC4MDL                                          (abs)        00F12
_PSMC4OEN                                          (abs)        00F15
_PSMC4PHH                                          (abs)        00F22
_PSMC4PHL                                          (abs)        00F21
_PSMC4PHS                                          (abs)        00F1A
_PSMC4POL                                          (abs)        00F16
_PSMC4PRH                                          (abs)        00F26
_PSMC4PRL                                          (abs)        00F25
_PSMC4PRS                                          (abs)        00F1C
_PSMC4REBS                                         (abs)        00F18
_PSMC4STR0                                         (abs)        00F2E
_PSMC4STR1                                         (abs)        00F2F
_PSMC4SYNC                                         (abs)        00F13
_RA1                                               (abs)        00061
_RB2                                               (abs)        0006A
_RB3                                               (abs)        0006B
_RC7                                               (abs)        00077
_RCIE                                              (abs)        0048D
_RCIF                                              (abs)        0008D
_RCREG                                             (abs)        00199
_SCKSEL                                            (abs)        008EC
_SDISEL                                            (abs)        008EB
_SDOSEL                                            (abs)        008ED
_SPBRG                                             (abs)        0019B
_SPEN                                              (abs)        00CEF
_SSPBUF                                            (abs)        00211
_SSPCON1                                           (abs)        00215
_SSPCON1bits                                       (abs)        00215
_SSPEN                                             (abs)        010AD
_SYNC                                              (abs)        00CF4
_T1CON                                             (abs)        00018
_TMR1                                              (abs)        00016
_TRISA                                             (abs)        0008C
_TRISB                                             (abs)        0008D
_TRISBbits                                         (abs)        0008D
_TRISC                                             (abs)        0008E
_TRMT                                              (abs)        00CF1
_TXEN                                              (abs)        00CF5
_TXREG                                             (abs)        0019A
_WPUB2                                             (abs)        0106A
_WPUB3                                             (abs)        0106B
__CFG_BOREN$OFF                                    (abs)        00000
__CFG_BORV$LO                                      (abs)        00000
__CFG_CLKOUTEN$OFF                                 (abs)        00000
__CFG_CP$OFF                                       (abs)        00000
__CFG_CPD$OFF                                      (abs)        00000
__CFG_FCMEN$ON                                     (abs)        00000
__CFG_FOSC$INTOSC                                  (abs)        00000
__CFG_IESO$ON                                      (abs)        00000
__CFG_LPBOR$OFF                                    (abs)        00000
__CFG_LVP$OFF                                      (abs)        00000
__CFG_MCLRE$ON                                     (abs)        00000
__CFG_PLLEN$OFF                                    (abs)        00000
__CFG_PWRTE$OFF                                    (abs)        00000
__CFG_STVREN$ON                                    (abs)        00000
__CFG_VCAPEN$OFF                                   (abs)        00000
__CFG_WDTE$OFF                                     (abs)        00000
__CFG_WRT$OFF                                      (abs)        00000
__Habs1                                            abs1         00000
__Hbank0                                           bank0        00000
__Hbank1                                           bank1        00000
__Hbank10                                          bank10       00000
__Hbank11                                          bank11       00000
__Hbank12                                          bank12       00000
__Hbank13                                          bank13       00000
__Hbank14                                          bank14       00000
__Hbank15                                          bank15       00000
__Hbank16                                          bank16       00000
__Hbank17                                          bank17       00000
__Hbank18                                          bank18       00000
__Hbank19                                          bank19       00000
__Hbank2                                           bank2        00000
__Hbank20                                          bank20       00000
__Hbank21                                          bank21       00000
__Hbank22                                          bank22       00000
__Hbank23                                          bank23       00000
__Hbank24                                          bank24       00000
__Hbank25                                          bank25       00000
__Hbank26                                          bank26       00000
__Hbank27                                          bank27       00000
__Hbank28                                          bank28       00000
__Hbank29                                          bank29       00000
__Hbank3                                           bank3        00000
__Hbank30                                          bank30       00000
__Hbank31                                          bank31       00000
__Hbank4                                           bank4        00000
__Hbank5                                           bank5        00000
__Hbank6                                           bank6        00000
__Hbank7                                           bank7        00000
__Hbank8                                           bank8        00000
__Hbank9                                           bank9        00000
__Hbigram                                          bigram       00000
__HbssBANK0                                        bssBANK0     00000
__HbssBANK1                                        bssBANK1     00000
__HbssCOMMON                                       bssCOMMON    00000
__Hcinit                                           cinit        0004F
__Hclrtext                                         clrtext      00000
__Hcode                                            code         00000
__Hcommon                                          common       00000
__Hconfig                                          config       08009
__HcstackBANK0                                     cstackBANK0  00000
__HcstackBANK1                                     cstackBANK1  00000
__HcstackCOMMON                                    cstackCOMMON 00000
__HdataBANK0                                       dataBANK0    00000
__Heeprom_data                                     eeprom_data  00000
__Hend_init                                        end_init     00039
__Hfunctab                                         functab      00000
__HidataBANK0                                      idataBANK0   00000
__Hidloc                                           idloc        00000
__Hinit                                            init         00037
__Hintentry                                        intentry     00037
__Hmaintext                                        maintext     00000
__Hpowerup                                         powerup      00000
__Hram                                             ram          00000
__Hreset_vec                                       reset_vec    00002
__Hsfr0                                            sfr0         00000
__Hsfr1                                            sfr1         00000
__Hsfr10                                           sfr10        00000
__Hsfr11                                           sfr11        00000
__Hsfr12                                           sfr12        00000
__Hsfr13                                           sfr13        00000
__Hsfr14                                           sfr14        00000
__Hsfr15                                           sfr15        00000
__Hsfr16                                           sfr16        00000
__Hsfr17                                           sfr17        00000
__Hsfr18                                           sfr18        00000
__Hsfr19                                           sfr19        00000
__Hsfr2                                            sfr2         00000
__Hsfr20                                           sfr20        00000
__Hsfr21                                           sfr21        00000
__Hsfr22                                           sfr22        00000
__Hsfr23                                           sfr23        00000
__Hsfr24                                           sfr24        00000
__Hsfr25                                           sfr25        00000
__Hsfr26                                           sfr26        00000
__Hsfr27                                           sfr27        00000
__Hsfr28                                           sfr28        00000
__Hsfr29                                           sfr29        00000
__Hsfr3                                            sfr3         00000
__Hsfr30                                           sfr30        00000
__Hsfr31                                           sfr31        00000
__Hsfr4                                            sfr4         00000
__Hsfr5                                            sfr5         00000
__Hsfr6                                            sfr6         00000
__Hsfr7                                            sfr7         00000
__Hsfr8                                            sfr8         00000
__Hsfr9                                            sfr9         00000
__Hspace_0                                         (abs)        08009
__Hspace_1                                         (abs)        000B9
__Hspace_2                                         (abs)        00000
__Hspace_3                                         (abs)        00000
__Hstack                                           stack        00000
__Hstrings                                         strings      00000
__Hstringtext                                      stringtext   00000
__Htext                                            text         00000
__Labs1                                            abs1         00000
__Lbank0                                           bank0        00000
__Lbank1                                           bank1        00000
__Lbank10                                          bank10       00000
__Lbank11                                          bank11       00000
__Lbank12                                          bank12       00000
__Lbank13                                          bank13       00000
__Lbank14                                          bank14       00000
__Lbank15                                          bank15       00000
__Lbank16                                          bank16       00000
__Lbank17                                          bank17       00000
__Lbank18                                          bank18       00000
__Lbank19                                          bank19       00000
__Lbank2                                           bank2        00000
__Lbank20                                          bank20       00000
__Lbank21                                          bank21       00000
__Lbank22                                          bank22       00000
__Lbank23                                          bank23       00000
__Lbank24                                          bank24       00000
__Lbank25                                          bank25       00000
__Lbank26                                          bank26       00000
__Lbank27                                          bank27       00000
__Lbank28                                          bank28       00000
__Lbank29                                          bank29       00000
__Lbank3                                           bank3        00000
__Lbank30                                          bank30       00000
__Lbank31                                          bank31       00000
__Lbank4                                           bank4        00000
__Lbank5                                           bank5        00000
__Lbank6                                           bank6        00000
__Lbank7                                           bank7        00000
__Lbank8                                           bank8        00000
__Lbank9                                           bank9        00000
__Lbigram                                          bigram       00000
__LbssBANK0                                        bssBANK0     00000
__LbssBANK1                                        bssBANK1     00000
__LbssCOMMON                                       bssCOMMON    00000
__Lcinit                                           cinit        00039
__Lclrtext                                         clrtext      00000
__Lcode                                            code         00000
__Lcommon                                          common       00000
__Lconfig                                          config       08007
__LcstackBANK0                                     cstackBANK0  00000
__LcstackBANK1                                     cstackBANK1  00000
__LcstackCOMMON                                    cstackCOMMON 00000
__LdataBANK0                                       dataBANK0    00000
__Leeprom_data                                     eeprom_data  00000
__Lend_init                                        end_init     00037
__Lfunctab                                         functab      00000
__LidataBANK0                                      idataBANK0   00000
__Lidloc                                           idloc        00000
__Linit                                            init         00037
__Lintentry                                        intentry     00004
__Lmaintext                                        maintext     00000
__Lpowerup                                         powerup      00000
__Lram                                             ram          00000
__Lreset_vec                                       reset_vec    00000
__Lsfr0                                            sfr0         00000
__Lsfr1                                            sfr1         00000
__Lsfr10                                           sfr10        00000
__Lsfr11                                           sfr11        00000
__Lsfr12                                           sfr12        00000
__Lsfr13                                           sfr13        00000
__Lsfr14                                           sfr14        00000
__Lsfr15                                           sfr15        00000
__Lsfr16                                           sfr16        00000
__Lsfr17                                           sfr17        00000
__Lsfr18                                           sfr18        00000
__Lsfr19                                           sfr19        00000
__Lsfr2                                            sfr2         00000
__Lsfr20                                           sfr20        00000
__Lsfr21                                           sfr21        00000
__Lsfr22                                           sfr22        00000
__Lsfr23                                           sfr23        00000
__Lsfr24                                           sfr24        00000
__Lsfr25                                           sfr25        00000
__Lsfr26                                           sfr26        00000
__Lsfr27                                           sfr27        00000
__Lsfr28                                           sfr28        00000
__Lsfr29                                           sfr29        00000
__Lsfr3                                            sfr3         00000
__Lsfr30                                           sfr30        00000
__Lsfr31                                           sfr31        00000
__Lsfr4                                            sfr4         00000
__Lsfr5                                            sfr5         00000
__Lsfr6                                            sfr6         00000
__Lsfr7                                            sfr7         00000
__Lsfr8                                            sfr8         00000
__Lsfr9                                            sfr9         00000
__Lspace_0                                         (abs)        00000
__Lspace_1                                         (abs)        00000
__Lspace_2                                         (abs)        00000
__Lspace_3                                         (abs)        00000
__Lstack                                           stack        00000
__Lstrings                                         strings      00000
__Lstringtext                                      stringtext   00000
__Ltext                                            text         00000
__S0                                               (abs)        08009
__S1                                               (abs)        000B9
__S2                                               (abs)        00000
__S3                                               (abs)        00000
___int_sp                                          stack        00000
___latbits                                         (abs)        00003
___sp                                              stack        00000
__end_of__initialization                           cinit        0004B
__end_of_determine_omega_mode_active               text22       007FC
__end_of_determine_packets_to_send                 text21       01E77
__end_of_determine_sword_was_swung                 text20       005BB
__end_of_display_blade_lights                      text10       0045E
__end_of_display_health                            text9        010A6
__end_of_init_accel                                text8        0101C
__end_of_init_conn                                 text7        007FF
__end_of_init_ir                                   text6        007F7
__end_of_init_isr                                  text5        01E2B
__end_of_init_leds                                 text4        02000
__end_of_init_pic                                  text3        01ECE
__end_of_isr                                       intentry     00037
__end_of_led1_command                              text18       01800
__end_of_led2_command                              text17       00930
__end_of_led3_command                              text16       009F4
__end_of_led4_command                              text15       00AB8
__end_of_led5_command                              text14       00B7C
__end_of_led6_command                              text13       00C40
__end_of_led7_command                              text12       007BE
__end_of_leds_off                                  text11       0173C
__end_of_main                                      maintext     0086C
__end_of_output_ir                                 text2        006FA
__end_of_play_sound                                text1        01EA1
__end_of_writespi                                  text19       01E4E
__end_ofdetermine_sword_was_swung@midpoint         stringtext   02002
__end_ofdetermine_sword_was_swung@neg_shock_thresh stringtext   02004
__end_ofdetermine_sword_was_swung@pos_shock_thresh stringtext   02006
__end_ofi1_determine_omega_mode_active             text35       00808
__end_ofi1_display_blade_lights                    text25       01000
__end_ofi1_display_health                          text24       01F56
__end_ofi1_led1_command                            text33       0121B
__end_ofi1_led2_command                            text32       012D6
__end_ofi1_led3_command                            text31       01391
__end_ofi1_led4_command                            text30       0144C
__end_ofi1_led5_command                            text29       01507
__end_ofi1_led6_command                            text28       015C2
__end_ofi1_led7_command                            text27       0167D
__end_ofi1_leds_off                                text26       01160
__end_ofi1_writespi                                text34       01E3B
__initialization                                   cinit        00039
__pbssBANK0                                        bssBANK0     00050
__pbssBANK1                                        bssBANK1     000B6
__pbssCOMMON                                       bssCOMMON    0007D
__pcstackBANK0                                     cstackBANK0  00020
__pcstackBANK1                                     cstackBANK1  000A0
__pcstackCOMMON                                    cstackCOMMON 00070
__pdataBANK0                                       dataBANK0    00059
__pidataBANK0                                      idataBANK0   007FF
__pintentry                                        intentry     00004
__pmaintext                                        maintext     00808
__pstringtext                                      stringtext   02000
__ptext1                                           text1        01E77
__ptext10                                          text10       0004F
__ptext11                                          text11       0167D
__ptext12                                          text12       006FA
__ptext13                                          text13       00B7C
__ptext14                                          text14       00AB8
__ptext15                                          text15       009F4
__ptext16                                          text16       00930
__ptext17                                          text17       0086C
__ptext18                                          text18       0173C
__ptext19                                          text19       01E3B
__ptext2                                           text2        005BB
__ptext20                                          text20       0045E
__ptext21                                          text21       01E4E
__ptext22                                          text22       007F7
__ptext24                                          text24       01ECE
__ptext25                                          text25       00C40
__ptext26                                          text26       010A6
__ptext27                                          text27       015C2
__ptext28                                          text28       01507
__ptext29                                          text29       0144C
__ptext3                                           text3        01EA1
__ptext30                                          text30       01391
__ptext31                                          text31       012D6
__ptext32                                          text32       0121B
__ptext33                                          text33       01160
__ptext34                                          text34       01E2B
__ptext35                                          text35       00803
__ptext4                                           text4        01F56
__ptext5                                           text5        01E1C
__ptext6                                           text6        007BE
__ptext7                                           text7        007FC
__ptext8                                           text8        01007
__ptext9                                           text9        0101C
__size_of_determine_omega_mode_active              (abs)        00000
__size_of_determine_packets_to_send                (abs)        00000
__size_of_determine_sword_was_swung                (abs)        00000
__size_of_display_blade_lights                     (abs)        00000
__size_of_display_health                           (abs)        00000
__size_of_init_accel                               (abs)        00000
__size_of_init_conn                                (abs)        00000
__size_of_init_ir                                  (abs)        00000
__size_of_init_isr                                 (abs)        00000
__size_of_init_leds                                (abs)        00000
__size_of_init_pic                                 (abs)        00000
__size_of_isr                                      (abs)        00000
__size_of_led1_command                             (abs)        00000
__size_of_led2_command                             (abs)        00000
__size_of_led3_command                             (abs)        00000
__size_of_led4_command                             (abs)        00000
__size_of_led5_command                             (abs)        00000
__size_of_led6_command                             (abs)        00000
__size_of_led7_command                             (abs)        00000
__size_of_leds_off                                 (abs)        00000
__size_of_main                                     (abs)        00000
__size_of_output_ir                                (abs)        00000
__size_of_play_sound                               (abs)        00000
__size_of_writespi                                 (abs)        00000
__size_ofi1_determine_omega_mode_active            (abs)        00000
__size_ofi1_display_blade_lights                   (abs)        00000
__size_ofi1_display_health                         (abs)        00000
__size_ofi1_led1_command                           (abs)        00000
__size_ofi1_led2_command                           (abs)        00000
__size_ofi1_led3_command                           (abs)        00000
__size_ofi1_led4_command                           (abs)        00000
__size_ofi1_led5_command                           (abs)        00000
__size_ofi1_led6_command                           (abs)        00000
__size_ofi1_led7_command                           (abs)        00000
__size_ofi1_leds_off                               (abs)        00000
__size_ofi1_writespi                               (abs)        00000
_determine_omega_mode_active                       text22       007F7
_determine_packets_to_send                         text21       01E4E
_determine_sword_was_swung                         text20       0045E
_display_blade_lights                              text10       0004F
_display_health                                    text9        0101C
_health                                            dataBANK0    00059
_init_accel                                        text8        01007
_init_conn                                         text7        007FC
_init_ir                                           text6        007BE
_init_isr                                          text5        01E1C
_init_leds                                         text4        01F56
_init_pic                                          text3        01EA1
_isr                                               intentry     00004
_led1_command                                      text18       0173C
_led2_command                                      text17       0086C
_led3_command                                      text16       00930
_led4_command                                      text15       009F4
_led5_command                                      text14       00AB8
_led6_command                                      text13       00B7C
_led7_command                                      text12       006FA
_leds_off                                          text11       0167D
_main                                              maintext     00808
_numPackets                                        bssBANK0     00056
_output_ir                                         text2        005BB
_play_sound                                        text1        01E77
_writespi                                          text19       01E3B
btemp                                              (abs)        0007E
determine_packets_to_send@packets                  cstackBANK0  00037
determine_sword_was_swung@midpoint                 stringtext   02000
determine_sword_was_swung@x                        cstackBANK0  0004A
determine_sword_was_swung@x_neg_thresh             cstackBANK0  00040
determine_sword_was_swung@x_pos_thresh             cstackBANK0  0003E
determine_sword_was_swung@xh                       cstackBANK0  00038
determine_sword_was_swung@xl                       cstackBANK0  0003B
determine_sword_was_swung@y                        cstackBANK0  0004C
determine_sword_was_swung@y_neg_thresh             cstackBANK0  00044
determine_sword_was_swung@y_pos_thresh             cstackBANK0  00042
determine_sword_was_swung@yh                       cstackBANK0  00039
determine_sword_was_swung@yl                       cstackBANK0  0003C
determine_sword_was_swung@z                        cstackBANK0  0004E
determine_sword_was_swung@z_neg_thresh             cstackBANK0  00048
determine_sword_was_swung@z_pos_thresh             cstackBANK0  00046
determine_sword_was_swung@zh                       cstackBANK0  0003A
determine_sword_was_swung@zl                       cstackBANK0  0003D
display_blade_lights@blue                          cstackBANK1  000AE
display_blade_lights@brightness                    cstackBANK1  000AB
display_blade_lights@green                         cstackBANK1  000AD
display_blade_lights@i                             cstackBANK1  000A8
display_blade_lights@i_601                         cstackBANK1  000A0
display_blade_lights@i_602                         cstackBANK1  000A2
display_blade_lights@i_604                         cstackBANK1  000A4
display_blade_lights@i_605                         cstackBANK1  000A6
display_blade_lights@i_606                         cstackBANK1  000A9
display_blade_lights@mode                          cstackBANK1  000AA
display_blade_lights@r                             cstackBANK1  000AF
display_blade_lights@r_603                         cstackBANK1  000B0
display_blade_lights@red                           cstackBANK1  000AC
end_of_initialization                              cinit        0004B
i1_determine_omega_mode_active                     text35       00803
i1_display_blade_lights                            text25       00C40
i1_display_health                                  text24       01ECE
i1_led1_command                                    text33       01160
i1_led2_command                                    text32       0121B
i1_led3_command                                    text31       012D6
i1_led4_command                                    text30       01391
i1_led5_command                                    text29       0144C
i1_led6_command                                    text28       01507
i1_led7_command                                    text27       015C2
i1_leds_off                                        text26       010A6
i1_writespi                                        text34       01E2B
i1display_blade_lights@blue                        cstackBANK0  00031
i1display_blade_lights@brightness                  cstackBANK0  0002E
i1display_blade_lights@green                       cstackBANK0  00030
i1display_blade_lights@i                           cstackBANK0  0002C
i1display_blade_lights@i_601                       cstackBANK0  00024
i1display_blade_lights@i_602                       cstackBANK0  00026
i1display_blade_lights@i_604                       cstackBANK0  00028
i1display_blade_lights@i_605                       cstackBANK0  0002A
i1display_blade_lights@i_606                       cstackBANK0  0002D
i1display_blade_lights@mode                        cstackBANK0  00023
i1display_blade_lights@r                           cstackBANK0  00032
i1display_blade_lights@r_603                       cstackBANK0  00033
i1display_blade_lights@red                         cstackBANK0  0002F
i1led1_command@blue                                cstackCOMMON 00075
i1led1_command@brightness                          cstackCOMMON 00078
i1led1_command@green                               cstackCOMMON 00074
i1led1_command@i                                   cstackCOMMON 00079
i1led1_command@i_638                               cstackCOMMON 0007B
i1led1_command@red                                 cstackCOMMON 00073
i1led2_command@blue                                cstackCOMMON 00075
i1led2_command@brightness                          cstackCOMMON 00078
i1led2_command@green                               cstackCOMMON 00074
i1led2_command@i                                   cstackCOMMON 00079
i1led2_command@i_645                               cstackCOMMON 0007B
i1led2_command@red                                 cstackCOMMON 00073
i1led3_command@blue                                cstackCOMMON 00075
i1led3_command@brightness                          cstackCOMMON 00078
i1led3_command@green                               cstackCOMMON 00074
i1led3_command@i                                   cstackCOMMON 00079
i1led3_command@i_652                               cstackCOMMON 0007B
i1led3_command@red                                 cstackCOMMON 00073
i1led4_command@blue                                cstackCOMMON 00075
i1led4_command@brightness                          cstackCOMMON 00078
i1led4_command@green                               cstackCOMMON 00074
i1led4_command@i                                   cstackCOMMON 00079
i1led4_command@i_659                               cstackCOMMON 0007B
i1led4_command@red                                 cstackCOMMON 00073
i1led5_command@blue                                cstackCOMMON 00075
i1led5_command@brightness                          cstackCOMMON 00078
i1led5_command@green                               cstackCOMMON 00074
i1led5_command@i                                   cstackCOMMON 00079
i1led5_command@i_666                               cstackCOMMON 0007B
i1led5_command@red                                 cstackCOMMON 00073
i1led6_command@blue                                cstackCOMMON 00075
i1led6_command@brightness                          cstackCOMMON 00078
i1led6_command@green                               cstackCOMMON 00074
i1led6_command@i                                   cstackCOMMON 00079
i1led6_command@i_673                               cstackCOMMON 0007B
i1led6_command@red                                 cstackCOMMON 00073
i1led7_command@blue                                cstackCOMMON 00075
i1led7_command@brightness                          cstackCOMMON 00078
i1led7_command@green                               cstackCOMMON 00074
i1led7_command@i                                   cstackCOMMON 00079
i1led7_command@i_680                               cstackCOMMON 0007B
i1led7_command@red                                 cstackCOMMON 00073
i1leds_off@i                                       cstackCOMMON 00075
i1leds_off@i_683                                   cstackCOMMON 00077
i1writespi@TempVar                                 cstackCOMMON 00071
i1writespi@data_out                                cstackCOMMON 00072
int$flags                                          (abs)        0007E
intlevel0                                          functab      00000
intlevel1                                          functab      00000
intlevel2                                          functab      00000
intlevel3                                          functab      00000
intlevel4                                          functab      00000
intlevel5                                          functab      00000
led1_command@blue                                  cstackBANK0  0003B
led1_command@brightness                            cstackBANK0  0003E
led1_command@green                                 cstackBANK0  0003A
led1_command@i                                     cstackBANK0  0003F
led1_command@i_638                                 cstackBANK0  00041
led1_command@red                                   cstackBANK0  00039
led2_command@blue                                  cstackBANK0  0003B
led2_command@brightness                            cstackBANK0  0003E
led2_command@green                                 cstackBANK0  0003A
led2_command@i                                     cstackBANK0  0003F
led2_command@i_645                                 cstackBANK0  00041
led2_command@red                                   cstackBANK0  00039
led3_command@blue                                  cstackBANK0  0003B
led3_command@brightness                            cstackBANK0  0003E
led3_command@green                                 cstackBANK0  0003A
led3_command@i                                     cstackBANK0  0003F
led3_command@i_652                                 cstackBANK0  00041
led3_command@red                                   cstackBANK0  00039
led4_command@blue                                  cstackBANK0  0003B
led4_command@brightness                            cstackBANK0  0003E
led4_command@green                                 cstackBANK0  0003A
led4_command@i                                     cstackBANK0  0003F
led4_command@i_659                                 cstackBANK0  00041
led4_command@red                                   cstackBANK0  00039
led5_command@blue                                  cstackBANK0  0003B
led5_command@brightness                            cstackBANK0  0003E
led5_command@green                                 cstackBANK0  0003A
led5_command@i                                     cstackBANK0  0003F
led5_command@i_666                                 cstackBANK0  00041
led5_command@red                                   cstackBANK0  00039
led6_command@blue                                  cstackBANK0  0003B
led6_command@brightness                            cstackBANK0  0003E
led6_command@green                                 cstackBANK0  0003A
led6_command@i                                     cstackBANK0  0003F
led6_command@i_673                                 cstackBANK0  00041
led6_command@red                                   cstackBANK0  00039
led7_command@blue                                  cstackBANK0  0003B
led7_command@brightness                            cstackBANK0  0003E
led7_command@green                                 cstackBANK0  0003A
led7_command@i                                     cstackBANK0  0003F
led7_command@i_680                                 cstackBANK0  00041
led7_command@red                                   cstackBANK0  00039
leds_off@i                                         cstackBANK0  0003B
leds_off@i_683                                     cstackBANK0  0003D
ltemp                                              (abs)        0007E
ltemp0                                             (abs)        0007E
ltemp1                                             (abs)        00082
ltemp2                                             (abs)        00086
ltemp3                                             (abs)        00080
main@F7258                                         bssBANK1     000B6
main@i                                             cstackBANK1  000B5
main@pkt_arr                                       cstackBANK1  000B2
output_ir@amount                                   cstackBANK0  00036
output_ir@i                                        cstackBANK0  00039
output_ir@i_298                                    cstackBANK0  0003B
output_ir@i_299                                    cstackBANK0  0003D
output_ir@pkt_type                                 cstackBANK0  0003F
play_sound@sound_selection                         cstackBANK0  00039
reset_vec                                          reset_vec    00000
stackhi                                            (abs)        027EF
stacklo                                            (abs)        02069
start                                              init         00037
start_initialization                               cinit        00039
ttemp                                              (abs)        0007E
ttemp0                                             (abs)        0007E
ttemp1                                             (abs)        00081
ttemp2                                             (abs)        00084
ttemp3                                             (abs)        00087
ttemp4                                             (abs)        0007F
writespi@TempVar                                   cstackBANK0  00037
writespi@data_out                                  cstackBANK0  00038
wtemp                                              (abs)        0007E
wtemp0                                             (abs)        0007E
wtemp1                                             (abs)        00080
wtemp2                                             (abs)        00082
wtemp3                                             (abs)        00084
wtemp4                                             (abs)        00086
wtemp5                                             (abs)        00088
wtemp6                                             (abs)        0007F


FUNCTION INFORMATION:

 *************** function _main *****************
 Defined at:
		line 17 in file "../../source/main.c"
 Parameters:    Size  Location     Type
		None
 Auto vars:     Size  Location     Type
  pkt_arr         3   18[BANK1 ] unsigned char [3]
  i               1   21[BANK1 ] unsigned char 
 Return value:  Size  Location     Type
                  2   58[None  ] int 
 Registers used:
		wreg, fsr0l, fsr0h, fsr1l, fsr1h, status,2, status,0, pclath, cstack
 Tracked objects:
		On entry : 
		On exit  : 
		Unchanged: 
 Data sizes:     COMMON   BANK0   BANK1   BANK2   BANK3   BANK4   BANK5   BANK6   BANK7   BANK8   BANK9  BANK10  BANK11  BANK12  BANK13  BANK14  BANK15  BANK16  BANK17  BANK18  BANK19  BANK20  BANK21  BANK22  BANK23  BANK24  BANK25
      Params:         0       0       0       0       0       0       0       0       0       0       0       0       0       0       0       0       0       0       0       0       0       0       0       0       0       0       0
      Locals:         0       0       4       0       0       0       0       0       0       0       0       0       0       0       0       0       0       0       0       0       0       0       0       0       0       0       0
      Temps:          0       0       1       0       0       0       0       0       0       0       0       0       0       0       0       0       0       0       0       0       0       0       0       0       0       0       0
      Totals:         0       0       5       0       0       0       0       0       0       0       0       0       0       0       0       0       0       0       0       0       0       0       0       0       0       0       0
Total ram usage:        5 bytes
 Hardware stack levels required when called:    7
 This function calls:
		_determine_omega_mode_active
		_determine_packets_to_send
		_determine_sword_was_swung
		_display_blade_lights
		_display_health
		_init_accel
		_init_conn
		_init_ir
		_init_isr
		_init_leds
		_init_pic
		_output_ir
		_play_sound
 This function is called by:
		Startup code after reset
 This function uses a non-reentrant model


 *************** function _play_sound *****************
 Defined at:
		line 3 in file "../../source/audio.c"
 Parameters:    Size  Location     Type
  sound_select    1    wreg     unsigned char 
 Auto vars:     Size  Location     Type
  sound_select    1   25[BANK0 ] unsigned char 
 Return value:  Size  Location     Type
		None               void
 Registers used:
		wreg, status,2, status,0
 Tracked objects:
		On entry : 
		On exit  : 
		Unchanged: 
 Data sizes:     COMMON   BANK0   BANK1   BANK2   BANK3   BANK4   BANK5   BANK6   BANK7   BANK8   BANK9  BANK10  BANK11  BANK12  BANK13  BANK14  BANK15  BANK16  BANK17  BANK18  BANK19  BANK20  BANK21  BANK22  BANK23  BANK24  BANK25
      Params:         0       0       0       0       0       0       0       0       0       0       0       0       0       0       0       0       0       0       0       0       0       0       0       0       0       0       0
      Locals:         0       1       0       0       0       0       0       0       0       0       0       0       0       0       0       0       0       0       0       0       0       0       0       0       0       0       0
      Temps:          0       3       0       0       0       0       0       0       0       0       0       0       0       0       0       0       0       0       0       0       0       0       0       0       0       0       0
      Totals:         0       4       0       0       0       0       0       0       0       0       0       0       0       0       0       0       0       0       0       0       0       0       0       0       0       0       0
Total ram usage:        4 bytes
 Hardware stack levels used:    1
 Hardware stack levels required when called:    4
 This function calls:
		Nothing
 This function is called by:
		_main
 This function uses a non-reentrant model


[...]
      Temps:          2       0       0       0       0       0       0       0       0       0       0       0       0       0       0       0       0       0       0       0       0       0       0       0       0       0       0
      Totals:        10       0       0       0       0       0       0       0       0       0       0       0       0       0       0       0       0       0       0       0       0       0       0       0       0       0       0
Total ram usage:       10 bytes
 Hardware stack levels used:    1
 Hardware stack levels required when called:    1
 This function calls:
		i1_writespi
 This function is called by:
		i1_display_blade_lights
 This function uses a non-reentrant model


 *************** function i1_led6_command *****************
 Defined at:
		line 915 in file "../../source/lighting.c"
 Parameters:    Size  Location     Type
  brightness      1    wreg     unsigned char 
  red             1    3[COMMON] unsigned char 
  green           1    4[COMMON] unsigned char 
  blue            1    5[COMMON] unsigned char 
 Auto vars:     Size  Location     Type
  brightness      1    8[COMMON] unsigned char 
  led6_command    2   11[COMMON] int 
  led6_command    2    9[COMMON] int 
 Return value:  Size  Location     Type
		None               void
 Registers used:
		wreg, status,2, status,0, pclath, cstack
 Tracked objects:
		On entry : 
		On exit  : 
		Unchanged: 
 Data sizes:     COMMON   BANK0   BANK1   BANK2   BANK3   BANK4   BANK5   BANK6   BANK7   BANK8   BANK9  BANK10  BANK11  BANK12  BANK13  BANK14  BANK15  BANK16  BANK17  BANK18  BANK19  BANK20  BANK21  BANK22  BANK23  BANK24  BANK25
      Params:         3       0       0       0       0       0       0       0       0       0       0       0       0       0       0       0       0       0       0       0       0       0       0       0       0       0       0
      Locals:         5       0       0       0       0       0       0       0       0       0       0       0       0       0       0       0       0       0       0       0       0       0       0       0       0       0       0
      Temps:          2       0       0       0       0       0       0       0       0       0       0       0       0       0       0       0       0       0       0       0       0       0       0       0       0       0       0
      Totals:        10       0       0       0       0       0       0       0       0       0       0       0       0       0       0       0       0       0       0       0       0       0       0       0       0       0       0
Total ram usage:       10 bytes
 Hardware stack levels used:    1
 Hardware stack levels required when called:    1
 This function calls:
		i1_writespi
 This function is called by:
		i1_display_blade_lights
 This function uses a non-reentrant model


 *************** function i1_led5_command *****************
 Defined at:
		line 862 in file "../../source/lighting.c"
 Parameters:    Size  Location     Type
  brightness      1    wreg     unsigned char 
  red             1    3[COMMON] unsigned char 
  green           1    4[COMMON] unsigned char 
  blue            1    5[COMMON] unsigned char 
 Auto vars:     Size  Location     Type
  brightness      1    8[COMMON] unsigned char 
  led5_command    2   11[COMMON] int 
  led5_command    2    9[COMMON] int 
 Return value:  Size  Location     Type
		None               void
 Registers used:
		wreg, status,2, status,0, pclath, cstack
 Tracked objects:
		On entry : 
		On exit  : 
		Unchanged: 
 Data sizes:     COMMON   BANK0   BANK1   BANK2   BANK3   BANK4   BANK5   BANK6   BANK7   BANK8   BANK9  BANK10  BANK11  BANK12  BANK13  BANK14  BANK15  BANK16  BANK17  BANK18  BANK19  BANK20  BANK21  BANK22  BANK23  BANK24  BANK25
      Params:         3       0       0       0       0       0       0       0       0       0       0       0       0       0       0       0       0       0       0       0       0       0       0       0       0       0       0
      Locals:         5       0       0       0       0       0       0       0       0       0       0       0       0       0       0       0       0       0       0       0       0       0       0       0       0       0       0
      Temps:          2       0       0       0       0       0       0       0       0       0       0       0       0       0       0       0       0       0       0       0       0       0       0       0       0       0       0
      Totals:        10       0       0       0       0       0       0       0       0       0       0       0       0       0       0       0       0       0       0       0       0       0       0       0       0       0       0
Total ram usage:       10 bytes
 Hardware stack levels used:    1
 Hardware stack levels required when called:    1
 This function calls:
		i1_writespi
 This function is called by:
		i1_display_blade_lights
 This function uses a non-reentrant model


 *************** function i1_led4_command *****************
 Defined at:
		line 809 in file "../../source/lighting.c"
 Parameters:    Size  Location     Type
  brightness      1    wreg     unsigned char 
  red             1    3[COMMON] unsigned char 
  green           1    4[COMMON] unsigned char 
  blue            1    5[COMMON] unsigned char 
 Auto vars:     Size  Location     Type
  brightness      1    8[COMMON] unsigned char 
  led4_command    2   11[COMMON] int 
  led4_command    2    9[COMMON] int 
 Return value:  Size  Location     Type
		None               void
 Registers used:
		wreg, status,2, status,0, pclath, cstack
 Tracked objects:
		On entry : 
		On exit  : 
		Unchanged: 
 Data sizes:     COMMON   BANK0   BANK1   BANK2   BANK3   BANK4   BANK5   BANK6   BANK7   BANK8   BANK9  BANK10  BANK11  BANK12  BANK13  BANK14  BANK15  BANK16  BANK17  BANK18  BANK19  BANK20  BANK21  BANK22  BANK23  BANK24  BANK25
      Params:         3       0       0       0       0       0       0       0       0       0       0       0       0       0       0       0       0       0       0       0       0       0       0       0       0       0       0
      Locals:         5       0       0       0       0       0       0       0       0       0       0       0       0       0       0       0       0       0       0       0       0       0       0       0       0       0       0
      Temps:          2       0       0       0       0       0       0       0       0       0       0       0       0       0       0       0       0       0       0       0       0       0       0       0       0       0       0
      Totals:        10       0       0       0       0       0       0       0       0       0       0       0       0       0       0       0       0       0       0       0       0       0       0       0       0       0       0
Total ram usage:       10 bytes
 Hardware stack levels used:    1
 Hardware stack levels required when called:    1
 This function calls:
		i1_writespi
 This function is called by:
		i1_display_blade_lights
 This function uses a non-reentrant model


 *************** function i1_led3_command *****************
 Defined at:
		line 756 in file "../../source/lighting.c"
 Parameters:    Size  Location     Type
  brightness      1    wreg     unsigned char 
  red             1    3[COMMON] unsigned char 
  green           1    4[COMMON] unsigned char 
  blue            1    5[COMMON] unsigned char 
 Auto vars:     Size  Location     Type
  brightness      1    8[COMMON] unsigned char 
  led3_command    2   11[COMMON] int 
  led3_command    2    9[COMMON] int 
 Return value:  Size  Location     Type
		None               void
 Registers used:
		wreg, status,2, status,0, pclath, cstack
 Tracked objects:
		On entry : 
		On exit  : 
		Unchanged: 
 Data sizes:     COMMON   BANK0   BANK1   BANK2   BANK3   BANK4   BANK5   BANK6   BANK7   BANK8   BANK9  BANK10  BANK11  BANK12  BANK13  BANK14  BANK15  BANK16  BANK17  BANK18  BANK19  BANK20  BANK21  BANK22  BANK23  BANK24  BANK25
      Params:         3       0       0       0       0       0       0       0       0       0       0       0       0       0       0       0       0       0       0       0       0       0       0       0       0       0       0
      Locals:         5       0       0       0       0       0       0       0       0       0       0       0       0       0       0       0       0       0       0       0       0       0       0       0       0       0       0
      Temps:          2       0       0       0       0       0       0       0       0       0       0       0       0       0       0       0       0       0       0       0       0       0       0       0       0       0       0
      Totals:        10       0       0       0       0       0       0       0       0       0       0       0       0       0       0       0       0       0       0       0       0       0       0       0       0       0       0
Total ram usage:       10 bytes
 Hardware stack levels used:    1
 Hardware stack levels required when called:    1
 This function calls:
		i1_writespi
 This function is called by:
		i1_display_blade_lights
 This function uses a non-reentrant model


 *************** function i1_led2_command *****************
 Defined at:
		line 703 in file "../../source/lighting.c"
 Parameters:    Size  Location     Type
  brightness      1    wreg     unsigned char 
  red             1    3[COMMON] unsigned char 
  green           1    4[COMMON] unsigned char 
  blue            1    5[COMMON] unsigned char 
 Auto vars:     Size  Location     Type
  brightness      1    8[COMMON] unsigned char 
  led2_command    2   11[COMMON] int 
  led2_command    2    9[COMMON] int 
 Return value:  Size  Location     Type
		None               void
 Registers used:
		wreg, status,2, status,0, pclath, cstack
 Tracked objects:
		On entry : 
		On exit  : 
		Unchanged: 
 Data sizes:     COMMON   BANK0   BANK1   BANK2   BANK3   BANK4   BANK5   BANK6   BANK7   BANK8   BANK9  BANK10  BANK11  BANK12  BANK13  BANK14  BANK15  BANK16  BANK17  BANK18  BANK19  BANK20  BANK21  BANK22  BANK23  BANK24  BANK25
      Params:         3       0       0       0       0       0       0       0       0       0       0       0       0       0       0       0       0       0       0       0       0       0       0       0       0       0       0
      Locals:         5       0       0       0       0       0       0       0       0       0       0       0       0       0       0       0       0       0       0       0       0       0       0       0       0       0       0
      Temps:          2       0       0       0       0       0       0       0       0       0       0       0       0       0       0       0       0       0       0       0       0       0       0       0       0       0       0
      Totals:        10       0       0       0       0       0       0       0       0       0       0       0       0       0       0       0       0       0       0       0       0       0       0       0       0       0       0
Total ram usage:       10 bytes
 Hardware stack levels used:    1
 Hardware stack levels required when called:    1
 This function calls:
		i1_writespi
 This function is called by:
		i1_display_blade_lights
 This function uses a non-reentrant model


 *************** function i1_led1_command *****************
 Defined at:
		line 650 in file "../../source/lighting.c"
 Parameters:    Size  Location     Type
  brightness      1    wreg     unsigned char 
  red             1    3[COMMON] unsigned char 
  green           1    4[COMMON] unsigned char 
  blue            1    5[COMMON] unsigned char 
 Auto vars:     Size  Location     Type
  brightness      1    8[COMMON] unsigned char 
  led1_command    2   11[COMMON] int 
  led1_command    2    9[COMMON] int 
 Return value:  Size  Location     Type
		None               void
 Registers used:
		wreg, status,2, status,0, pclath, cstack
 Tracked objects:
		On entry : 
		On exit  : 
		Unchanged: 
 Data sizes:     COMMON   BANK0   BANK1   BANK2   BANK3   BANK4   BANK5   BANK6   BANK7   BANK8   BANK9  BANK10  BANK11  BANK12  BANK13  BANK14  BANK15  BANK16  BANK17  BANK18  BANK19  BANK20  BANK21  BANK22  BANK23  BANK24  BANK25
      Params:         3       0       0       0       0       0       0       0       0       0       0       0       0       0       0       0       0       0       0       0       0       0       0       0       0       0       0
      Locals:         5       0       0       0       0       0       0       0       0       0       0       0       0       0       0       0       0       0       0       0       0       0       0       0       0       0       0
      Temps:          2       0       0       0       0       0       0       0       0       0       0       0       0       0       0       0       0       0       0       0       0       0       0       0       0       0       0
      Totals:        10       0       0       0       0       0       0       0       0       0       0       0       0       0       0       0       0       0       0       0       0       0       0       0       0       0       0
Total ram usage:       10 bytes
 Hardware stack levels used:    1
 Hardware stack levels required when called:    1
 This function calls:
		i1_writespi
 This function is called by:
		i1_display_blade_lights
 This function uses a non-reentrant model


 *************** function i1_writespi *****************
 Defined at:
		line 605 in file "../../source/lighting.c"
 Parameters:    Size  Location     Type
  data_out        1    wreg     unsigned char 
 Auto vars:     Size  Location     Type
  data_out        1    2[COMMON] unsigned char 
  writespi        1    1[COMMON] unsigned char 
 Return value:  Size  Location     Type
		None               void
 Registers used:
		wreg
 Tracked objects:
		On entry : 
		On exit  : 
		Unchanged: 
 Data sizes:     COMMON   BANK0   BANK1   BANK2   BANK3   BANK4   BANK5   BANK6   BANK7   BANK8   BANK9  BANK10  BANK11  BANK12  BANK13  BANK14  BANK15  BANK16  BANK17  BANK18  BANK19  BANK20  BANK21  BANK22  BANK23  BANK24  BANK25
      Params:         0       0       0       0       0       0       0       0       0       0       0       0       0       0       0       0       0       0       0       0       0       0       0       0       0       0       0
      Locals:         2       0       0       0       0       0       0       0       0       0       0       0       0       0       0       0       0       0       0       0       0       0       0       0       0       0       0
      Temps:          1       0       0       0       0       0       0       0       0       0       0       0       0       0       0       0       0       0       0       0       0       0       0       0       0       0       0
      Totals:         3       0       0       0       0       0       0       0       0       0       0       0       0       0       0       0       0       0       0       0       0       0       0       0       0       0       0
Total ram usage:        3 bytes
 Hardware stack levels used:    1
 This function calls:
		Nothing
 This function is called by:
		i1_display_blade_lights
		i1_led1_command
		i1_led2_command
		i1_led3_command
		i1_led4_command
		i1_led5_command
		i1_led6_command
		i1_led7_command
		i1_leds_off
 This function uses a non-reentrant model


 *************** function i1_determine_omega_mode_active *****************
 Defined at:
		line 9 in file "../../source/blade_connection.c"
 Parameters:    Size  Location     Type
		None
 Auto vars:     Size  Location     Type
		None
 Return value:  Size  Location     Type
                  1    wreg      unsigned char 
 Registers used:
		wreg
 Tracked objects:
		On entry : 
		On exit  : 
		Unchanged: 
 Data sizes:     COMMON   BANK0   BANK1   BANK2   BANK3   BANK4   BANK5   BANK6   BANK7   BANK8   BANK9  BANK10  BANK11  BANK12  BANK13  BANK14  BANK15  BANK16  BANK17  BANK18  BANK19  BANK20  BANK21  BANK22  BANK23  BANK24  BANK25
      Params:         0       0       0       0       0       0       0       0       0       0       0       0       0       0       0       0       0       0       0       0       0       0       0       0       0       0       0
      Locals:         0       0       0       0       0       0       0       0       0       0       0       0       0       0       0       0       0       0       0       0       0       0       0       0       0       0       0
      Temps:          0       0       0       0       0       0       0       0       0       0       0       0       0       0       0       0       0       0       0       0       0       0       0       0       0       0       0
      Totals:         0       0       0       0       0       0       0       0       0       0       0       0       0       0       0       0       0       0       0       0       0       0       0       0       0       0       0
Total ram usage:        0 bytes
 Hardware stack levels used:    1
 This function calls:
		Nothing
 This function is called by:
		_isr
 This function uses a non-reentrant model



MODULE INFORMATION

Module		Function		Class		Link	Load	Size
../../source/interrupt.c
		_isr           		CODE           	0004	0000	52
		_init_isr      		CODE           	1E1C	0000	16

../../source/interrupt.c estimated size: 68

../../source/lighting.c
		_init_leds     		CODE           	1F56	0000	171
		_led5_command  		CODE           	0AB8	0000	197
		_led6_command  		CODE           	0B7C	0000	197
		_led7_command  		CODE           	06FA	0000	197
		_writespi      		CODE           	1E3B	0000	20
		_leds_off      		CODE           	167D	0000	192
		_display_health		CODE           	101C	0000	139
		_display_blade_lights		CODE           	004F	0000	1040
		_led1_command  		CODE           	173C	0000	197
		_led2_command  		CODE           	086C	0000	197
		_led3_command  		CODE           	0930	0000	197
		_led4_command  		CODE           	09F4	0000	197

../../source/lighting.c estimated size: 2941

../../source/ir.c
		_output_ir     		CODE           	05BB	0000	320
		_init_ir       		CODE           	07BE	0000	58

../../source/ir.c estimated size: 378

../../source/main.c
		_init_pic      		CODE           	1EA1	0000	46
		_main          		CODE           	0808	0000	101

../../source/main.c estimated size: 147

../../source/blade_connection.c
		_determine_packets_to_send		CODE           	1E4E	0000	42
		_determine_omega_mode_active		CODE           	07F7	0000	6
		_init_conn     		CODE           	07FC	0000	4

../../source/blade_connection.c estimated size: 52

shared
		i1_led2_command		CODE           	121B	0000	188
		i1_writespi    		CODE           	1E2B	0000	17
		i1_led5_command		CODE           	144C	0000	188
		i1_leds_off    		CODE           	10A6	0000	187
		i1_led3_command		CODE           	12D6	0000	188
		i1_led6_command		CODE           	1507	0000	188
		__initialization		CODE           	0039	0000	19
		determine_sword_was_swung@neg_shock_thresh		STRCODE        	0000	0000	0
		determine_sword_was_swung@pos_shock_thresh		STRCODE        	0000	0000	0
		i1_determine_omega_mode_active		CODE           	0803	0000	6
		i1_led1_command		CODE           	1160	0000	188
		i1_led4_command		CODE           	1391	0000	188
		i1_led7_command		CODE           	15C2	0000	188
		i1_display_health		CODE           	1ECE	0000	137
		determine_sword_was_swung@midpoint		STRCODE        	2000	0000	3
		i1_display_blade_lights		CODE           	0C40	0000	961

shared estimated size: 2646

../../source/audio.c
		_play_sound    		CODE           	1E77	0000	43

../../source/audio.c estimated size: 43

../../source/accelerometer.c
		_determine_sword_was_swung		CODE           	045E	0000	350
		_init_accel    		CODE           	1007	0000	22

../../source/accelerometer.c estimated size: 372

