Microchip MPLAB XC8 Compiler V1.35 ()

Linker command line:

--edf=C:\Program Files (x86)\Microchip\xc8\v1.35\dat\en_msgs.txt -cs \
  -h+dist/default/production\OmegaBlade.X.production.sym \
  --cmf=dist/default/production\OmegaBlade.X.production.cmf -z -w9 --norlf \
  -Q16F1788 -oC:\Users\Ben\AppData\Local\Temp\sii4.2 \
  -Mdist/default/production/OmegaBlade.X.production.map -E1 -ver=XC8 \
  -ACODE=00h-07FFhx8 -ASTRCODE=00h-03FFFh -ASTRING=00h-0FFhx64 \
  -ACONST=00h-0FFhx64 -AENTRY=00h-0FFhx64 -ACOMMON=070h-07Fh \
  -ABANK0=020h-06Fh -ABANK1=0A0h-0EFh -ABANK2=0120h-016Fh \
  -ABANK3=01A0h-01EFh -ABANK4=0220h-026Fh -ABANK5=02A0h-02EFh \
  -ABANK6=0320h-036Fh -ABANK7=03A0h-03EFh -ABANK8=0420h-046Fh \
  -ABANK9=04A0h-04EFh -ABANK10=0520h-056Fh -ABANK11=05A0h-05EFh \
  -ABANK12=0620h-066Fh -ABANK13=06A0h-06EFh -ABANK14=0720h-076Fh \
  -ABANK15=07A0h-07EFh -ABANK16=0820h-086Fh -ABANK17=08A0h-08EFh \
  -ABANK18=0920h-096Fh -ABANK19=09A0h-09EFh -ABANK20=0A20h-0A6Fh \
  -ABANK21=0AA0h-0AEFh -ABANK22=0B20h-0B6Fh -ABANK23=0BA0h-0BEFh \
  -ABANK24=0C20h-0C6Fh -ABANK25=0CA0h-0CBFh -ABIGRAM=02000h-027EFh \
  -ARAM=020h-06Fh,0A0h-0EFh,0120h-016Fh,01A0h-01EFh,0220h-026Fh,02A0h-02EFh,0320h-036Fh,03A0h-03EFh,0420h-046Fh,04A0h-04EFh,0520h-056Fh,05A0h-05EFh,0620h-066Fh,06A0h-06EFh,0720h-076Fh,07A0h-07EFh,0820h-086Fh,08A0h-08EFh,0920h-096Fh,09A0h-09EFh,0A20h-0A6Fh,0AA0h-0AEFh,0B20h-0B6Fh,0BA0h-0BEFh,0C20h-0C6Fh,0CA0h-0CBFh \
  -AABS1=020h-07Fh,0A0h-0EFh,0120h-016Fh,01A0h-01EFh,0220h-026Fh,02A0h-02EFh,0320h-036Fh,03A0h-03EFh,0420h-046Fh,04A0h-04EFh,0520h-056Fh,05A0h-05EFh,0620h-066Fh,06A0h-06EFh,0720h-076Fh,07A0h-07EFh,0820h-086Fh,08A0h-08EFh,0920h-096Fh,09A0h-09EFh,0A20h-0A6Fh,0AA0h-0AEFh,0B20h-0B6Fh,0BA0h-0BEFh,0C20h-0C6Fh,0CA0h-0CBFh \
  -ASFR0=00h-01Fh -ASFR1=080h-09Fh -ASFR2=0100h-011Fh -ASFR3=0180h-019Fh \
  -ASFR4=0200h-021Fh -ASFR5=0280h-029Fh -ASFR6=0300h-031Fh \
  -ASFR7=0380h-039Fh -ASFR8=0400h-041Fh -ASFR9=0480h-049Fh \
  -ASFR10=0500h-051Fh -ASFR11=0580h-059Fh -ASFR12=0600h-061Fh \
  -ASFR13=0680h-069Fh -ASFR14=0700h-071Fh -ASFR15=0780h-079Fh \
  -ASFR16=0800h-081Fh -ASFR17=0880h-089Fh -ASFR18=0900h-091Fh \
  -ASFR19=0980h-099Fh -ASFR20=0A00h-0A1Fh -ASFR21=0A80h-0A9Fh \
  -ASFR22=0B00h-0B1Fh -ASFR23=0B80h-0B9Fh -ASFR24=0C00h-0C1Fh \
  -ASFR25=0C80h-0C9Fh -ASFR26=0D00h-0D6Fh -ASFR27=0D80h-0DEFh \
  -ASFR28=0E00h-0E6Fh -ASFR29=0E80h-0EEFh -ASFR30=0F00h-0F6Fh \
  -ASFR31=0F80h-0FEFh -preset_vec=00h,intentry,init,end_init -ppowerup=CODE \
  -pcinit=CODE -pfunctab=CODE -ACONFIG=08007h-08008h -pconfig=CONFIG \
  -DCONFIG=2 -AIDLOC=08000h-08003h -pidloc=IDLOC -DIDLOC=2 \
  -AEEDATA=00h-0FFh/0F000h -peeprom_data=EEDATA -DEEDATA=2 -DCODE=2 \
  -DSTRCODE=2 -DSTRING=2 -DCONST=2 -DENTRY=2 -k \
  C:\Users\Ben\AppData\Local\Temp\sii4.obj \
  dist/default/production\OmegaBlade.X.production.obj 

Object code version is 3.11

Machine type is 16F1788



                Name                               Link     Load   Length Selector   Space Scale
C:\Users\Ben\AppData\Local\Temp\sii4.obj
                end_init                              2        2        3        0       0
                reset_vec                             0        0        2        0       0
dist/default/production\OmegaBlade.X.production.obj
                cinit                               7F4      7F4        C      FE8       0
                text4                               721      721        B      E42       0
                text3                               72C      72C       12      E58       0
                text2                               71A      71A        7      E34       0
                text1                               73E      73E       1B      E7C       0
                maintext                            759      759       9B      EB2       0
                cstackBANK0                          20       20        5       20       1
                cstackCOMMON                         70       70        B       70       1
                bssBANK0                             25       25        4       20       1
                dataCOMMON                           7D       7D        1       70       1
                bssCOMMON                            7B       7B        2       70       1
                stringtext                          800      800       C2     1000       0
                idataCOMMON                         719      719        1      E32       0

TOTAL           Name                               Link     Load   Length     Space
        CLASS   CODE           
                end_init                              2        2        3         0
                cinit                               7F4      7F4        C         0
                reset_vec                             0        0        2         0
                text4                               721      721        B         0
                text3                               72C      72C       12         0
                text2                               71A      71A        7         0
                text1                               73E      73E       1B         0
                maintext                            759      759       9B         0
                idataCOMMON                         719      719        1         0

        CLASS   STRCODE        
                stringtext                          800      800       C2         0

        CLASS   STRING         

        CLASS   CONST          

        CLASS   ENTRY          

        CLASS   COMMON         
                cstackCOMMON                         70       70        B         1
                dataCOMMON                           7D       7D        1         1
                bssCOMMON                            7B       7B        2         1

        CLASS   BANK0          
                cstackBANK0                          20       20        5         1
                bssBANK0                             25       25        4         1

        CLASS   BANK1          

        CLASS   BANK2          

        CLASS   BANK3          

        CLASS   BANK4          

        CLASS   BANK5          

        CLASS   BANK6          

        CLASS   BANK7          

        CLASS   BANK8          

        CLASS   BANK9          

        CLASS   BANK10         

        CLASS   BANK11         

        CLASS   BANK12         

        CLASS   BANK13         

        CLASS   BANK14         

        CLASS   BANK15         

        CLASS   BANK16         

        CLASS   BANK17         

        CLASS   BANK18         

        CLASS   BANK19         

        CLASS   BANK20         

        CLASS   BANK21         

        CLASS   BANK22         

        CLASS   BANK23         

        CLASS   BANK24         

        CLASS   BANK25         

        CLASS   BIGRAM         

        CLASS   RAM            

        CLASS   ABS1           
                abs_s1                               7E       7E        2         1

        CLASS   SFR0           

        CLASS   SFR1           

        CLASS   SFR2           

        CLASS   SFR3           

        CLASS   SFR4           

        CLASS   SFR5           

        CLASS   SFR6           

        CLASS   SFR7           

        CLASS   SFR8           

        CLASS   SFR9           

        CLASS   SFR10          

        CLASS   SFR11          

        CLASS   SFR12          

        CLASS   SFR13          

        CLASS   SFR14          

        CLASS   SFR15          

        CLASS   SFR16          

        CLASS   SFR17          

        CLASS   SFR18          

        CLASS   SFR19          

        CLASS   SFR20          

        CLASS   SFR21          

        CLASS   SFR22          

        CLASS   SFR23          

        CLASS   SFR24          

        CLASS   SFR25          

        CLASS   SFR26          

        CLASS   SFR27          

        CLASS   SFR28          

        CLASS   SFR29          

        CLASS   SFR30          

        CLASS   SFR31          

        CLASS   CONFIG         

        CLASS   IDLOC          

        CLASS   EEDATA         

        CLASS   BANK31         

        CLASS   BANK30         

        CLASS   BANK29         

        CLASS   BANK28         

        CLASS   BANK27         

        CLASS   BANK26         

        CLASS   STACK          



SEGMENTS        Name                           Load    Length   Top    Selector   Space  Class     Delta

                reset_vec                      000000  000005  000005         0       0  CODE        2
                cstackBANK0                    000020  000009  000029        20       1  BANK0       1
                cstackCOMMON                   000070  00000E  00007E        70       1  COMMON      1
                idataCOMMON                    000719  000001  00071A       E32       0  CODE        2
                text2                          00071A  000007  000721       E34       0  CODE        2
                text4                          000721  00000B  00072C       E42       0  CODE        2
                text3                          00072C  000012  00073E       E58       0  CODE        2
                text1                          00073E  00001B  000759       E7C       0  CODE        2
                maintext                       000759  00009B  0007F4       EB2       0  CODE        2
                cinit                          0007F4  00000C  000800       FE8       0  CODE        2
                stringtext                     000800  0000C2  0008C2      1000       0  STRCODE     2


UNUSED ADDRESS RANGES

        Name                Unused          Largest block    Delta
        BANK0            0029-006F             47           1
        BANK1            00A0-00EF             50           1
        BANK10           0520-056F             50           1
        BANK11           05A0-05EF             50           1
        BANK12           0620-066F             50           1
        BANK13           06A0-06EF             50           1
        BANK14           0720-076F             50           1
        BANK15           07A0-07EF             50           1
        BANK16           0820-086F             50           1
        BANK17           08A0-08EF             50           1
        BANK18           0920-096F             50           1
        BANK19           09A0-09EF             50           1
        BANK2            0120-016F             50           1
        BANK20           0A20-0A6F             50           1
        BANK21           0AA0-0AEF             50           1
        BANK22           0B20-0B6F             50           1
        BANK23           0BA0-0BEF             50           1
        BANK24           0C20-0C6F             50           1
        BANK25           0CA0-0CBF             20           1
        BANK3            01A0-01EF             50           1
        BANK4            0220-026F             50           1
        BANK5            02A0-02EF             50           1
        BANK6            0320-036F             50           1
        BANK7            03A0-03EF             50           1
        BANK8            0420-046F             50           1
        BANK9            04A0-04EF             50           1
        BIGRAM           2000-27EF            7F0           1
        CODE             0005-0718            714           2
                         08C2-3FFF            800
        CONFIG           8007-8008              2           2
        CONST            0005-0718            100           2
                         08C2-3FFF            100
        EEDATA           F000-F0FF            100           2
        ENTRY            0005-0718            100           2
                         08C2-3FFF            100
        IDLOC            8000-8003              4           2
        RAM              0029-006F             47           1
                         00A0-00EF             50
                         0120-016F             50
                         01A0-01EF             50
                         0220-026F             50
                         02A0-02EF             50
                         0320-036F             50
                         03A0-03EF             50
                         0420-046F             50
                         04A0-04EF             50
                         0520-056F             50
                         05A0-05EF             50
                         0620-066F             50
                         06A0-06EF             50
                         0720-076F             50
                         07A0-07EF             50
                         0820-086F             50
                         08A0-08EF             50
                         0920-096F             50
                         09A0-09EF             50
                         0A20-0A6F             50
                         0AA0-0AEF             50
                         0B20-0B6F             50
                         0BA0-0BEF             50
                         0C20-0C6F             50
                         0CA0-0CBF             20
        SFR0             0000-001F             20           1
        SFR1             0080-009F             20           1
        SFR10            0500-051F             20           1
        SFR11            0580-059F             20           1
        SFR12            0600-061F             20           1
        SFR13            0680-069F             20           1
        SFR14            0700-071F             20           1
        SFR15            0780-079F             20           1
        SFR16            0800-081F             20           1
        SFR17            0880-089F             20           1
        SFR18            0900-091F             20           1
        SFR19            0980-099F             20           1
        SFR2             0100-011F             20           1
        SFR20            0A00-0A1F             20           1
        SFR21            0A80-0A9F             20           1
        SFR22            0B00-0B1F             20           1
        SFR23            0B80-0B9F             20           1
        SFR24            0C00-0C1F             20           1
        SFR25            0C80-0C9F             20           1
        SFR26            0D00-0D6F             70           1
        SFR27            0D80-0DEF             70           1
        SFR28            0E00-0E6F             70           1
        SFR29            0E80-0EEF             70           1
        SFR3             0180-019F             20           1
        SFR30            0F00-0F6F             70           1
        SFR31            0F80-0FEF             70           1
        SFR4             0200-021F             20           1
        SFR5             0280-029F             20           1
        SFR6             0300-031F             20           1
        SFR7             0380-039F             20           1
        SFR8             0400-041F             20           1
        SFR9             0480-049F             20           1
        STRCODE          0005-0718            714           2
                         08C2-3FFF           373E
        STRING           0005-0718            100           2
                         08C2-3FFF            100

                                  Symbol Table

__CFG_BOREN$OFF              (abs)        0000
__CFG_BORV$LO                (abs)        0000
__CFG_CLKOUTEN$OFF           (abs)        0000
__CFG_CP$OFF                 (abs)        0000
__CFG_CPD$OFF                (abs)        0000
__CFG_FCMEN$ON               (abs)        0000
__CFG_FOSC$INTOSC            (abs)        0000
__CFG_IESO$ON                (abs)        0000
__CFG_LPBOR$OFF              (abs)        0000
__CFG_LVP$OFF                (abs)        0000
__CFG_MCLRE$ON               (abs)        0000
__CFG_PLLEN$OFF              (abs)        0000
__CFG_PWRTE$OFF              (abs)        0000
__CFG_STVREN$ON              (abs)        0000
__CFG_VCAPEN$OFF             (abs)        0000
__CFG_WDTE$OFF               (abs)        0000
__CFG_WRT$OFF                (abs)        0000
__Habs1                      abs1         0000
__Hbank0                     bank0        0000
__Hbank1                     bank1        0000
__Hbank10                    bank10       0000
__Hbank11                    bank11       0000
__Hbank12                    bank12       0000
__Hbank13                    bank13       0000
__Hbank14                    bank14       0000
__Hbank15                    bank15       0000
__Hbank16                    bank16       0000
__Hbank17                    bank17       0000
__Hbank18                    bank18       0000
__Hbank19                    bank19       0000
__Hbank2                     bank2        0000
__Hbank20                    bank20       0000
__Hbank21                    bank21       0000
__Hbank22                    bank22       0000
__Hbank23                    bank23       0000
__Hbank24                    bank24       0000
__Hbank25                    bank25       0000
__Hbank26                    bank26       0000
__Hbank27                    bank27       0000
__Hbank28                    bank28       0000
__Hbank29                    bank29       0000
__Hbank3                     bank3        0000
__Hbank30                    bank30       0000
__Hbank31                    bank31       0000
__Hbank4                     bank4        0000
__Hbank5                     bank5        0000
__Hbank6                     bank6        0000
__Hbank7                     bank7        0000
__Hbank8                     bank8        0000
__Hbank9                     bank9        0000
__Hbigram                    bigram       0000
__HbssBANK0                  bssBANK0     0000
__HbssCOMMON                 bssCOMMON    0000
__Hclrtext                   clrtext      0000
__Hcode                      code         0000
__Hcommon                    common       0000
__Hconfig                    config       0000
__HcstackBANK0               cstackBANK0  0000
__HcstackCOMMON              cstackCOMMON 0000
__HdataCOMMON                dataCOMMON   0000
__Heeprom_data               eeprom_data  0000
__Hfunctab                   functab      0000
__HidataCOMMON               idataCOMMON  0000
__Hidloc                     idloc        0000
__Hmaintext                  maintext     0000
__Hpowerup                   powerup      0000
__Hram                       ram          0000
__Hsfr0                      sfr0         0000
__Hsfr1                      sfr1         0000
__Hsfr10                     sfr10        0000
__Hsfr11                     sfr11        0000
__Hsfr12                     sfr12        0000
__Hsfr13                     sfr13        0000
__Hsfr14                     sfr14        0000
__Hsfr15                     sfr15        0000
__Hsfr16                     sfr16        0000
__Hsfr17                     sfr17        0000
__Hsfr18                     sfr18        0000
__Hsfr19                     sfr19        0000
__Hsfr2                      sfr2         0000
__Hsfr20                     sfr20        0000
__Hsfr21                     sfr21        0000
__Hsfr22                     sfr22        0000
__Hsfr23                     sfr23        0000
__Hsfr24                     sfr24        0000
__Hsfr25                     sfr25        0000
__Hsfr26                     sfr26        0000
__Hsfr27                     sfr27        0000
__Hsfr28                     sfr28        0000
__Hsfr29                     sfr29        0000
__Hsfr3                      sfr3         0000
__Hsfr30                     sfr30        0000
__Hsfr31                     sfr31        0000
__Hsfr4                      sfr4         0000
__Hsfr5                      sfr5         0000
__Hsfr6                      sfr6         0000
__Hsfr7                      sfr7         0000
__Hsfr8                      sfr8         0000
__Hsfr9                      sfr9         0000
__Hspace_2                   (abs)        0000
__Hspace_3                   (abs)        0000
__Hstack                     stack        0000
__Hstrings                   strings      0000
__Hstringtext                stringtext   0000
__Htext                      text         0000
__Labs1                      abs1         0000
__Lbank0                     bank0        0000
__Lbank1                     bank1        0000
__Lbank10                    bank10       0000
__Lbank11                    bank11       0000
__Lbank12                    bank12       0000
__Lbank13                    bank13       0000
__Lbank14                    bank14       0000
__Lbank15                    bank15       0000
__Lbank16                    bank16       0000
__Lbank17                    bank17       0000
__Lbank18                    bank18       0000
__Lbank19                    bank19       0000
__Lbank2                     bank2        0000
__Lbank20                    bank20       0000
__Lbank21                    bank21       0000
__Lbank22                    bank22       0000
__Lbank23                    bank23       0000
__Lbank24                    bank24       0000
__Lbank25                    bank25       0000
__Lbank26                    bank26       0000
__Lbank27                    bank27       0000
__Lbank28                    bank28       0000
__Lbank29                    bank29       0000
__Lbank3                     bank3        0000
__Lbank30                    bank30       0000
__Lbank31                    bank31       0000
__Lbank4                     bank4        0000
__Lbank5                     bank5        0000
__Lbank6                     bank6        0000
__Lbank7                     bank7        0000
__Lbank8                     bank8        0000
__Lbank9                     bank9        0000
__Lbigram                    bigram       0000
__LbssBANK0                  bssBANK0     0000
__LbssCOMMON                 bssCOMMON    0000
__Lclrtext                   clrtext      0000
__Lcode                      code         0000
__Lcommon                    common       0000
__Lconfig                    config       0000
__LcstackBANK0               cstackBANK0  0000
__LcstackCOMMON              cstackCOMMON 0000
__LdataCOMMON                dataCOMMON   0000
__Leeprom_data               eeprom_data  0000
__Lfunctab                   functab      0000
__LidataCOMMON               idataCOMMON  0000
__Lidloc                     idloc        0000
__Lmaintext                  maintext     0000
__Lpowerup                   powerup      0000
__Lram                       ram          0000
__Lreset_vec                 reset_vec    0000
__Lsfr0                      sfr0         0000
__Lsfr1                      sfr1         0000
__Lsfr10                     sfr10        0000
__Lsfr11                     sfr11        0000
__Lsfr12                     sfr12        0000
__Lsfr13                     sfr13        0000
__Lsfr14                     sfr14        0000
__Lsfr15                     sfr15        0000
__Lsfr16                     sfr16        0000
__Lsfr17                     sfr17        0000
__Lsfr18                     sfr18        0000
__Lsfr19                     sfr19        0000
__Lsfr2                      sfr2         0000
__Lsfr20                     sfr20        0000
__Lsfr21                     sfr21        0000
__Lsfr22                     sfr22        0000
__Lsfr23                     sfr23        0000
__Lsfr24                     sfr24        0000
__Lsfr25                     sfr25        0000
__Lsfr26                     sfr26        0000
__Lsfr27                     sfr27        0000
__Lsfr28                     sfr28        0000
__Lsfr29                     sfr29        0000
__Lsfr3                      sfr3         0000
__Lsfr30                     sfr30        0000
__Lsfr31                     sfr31        0000
__Lsfr4                      sfr4         0000
__Lsfr5                      sfr5         0000
__Lsfr6                      sfr6         0000
__Lsfr7                      sfr7         0000
__Lsfr8                      sfr8         0000
__Lsfr9                      sfr9         0000
__Lspace_0                   (abs)        0000
__Lspace_1                   (abs)        0000
__Lspace_2                   (abs)        0000
__Lspace_3                   (abs)        0000
__Lstack                     stack        0000
__Lstrings                   strings      0000
__Lstringtext                stringtext   0000
__Ltext                      text         0000
__S3                         (abs)        0000
___int_sp                    stack        0000
___sp                        stack        0000
__size_of_init_pic           (abs)        0000
__size_of_init_uart          (abs)        0000
__size_of_main               (abs)        0000
__size_of_printf             (abs)        0000
__size_of_putch              (abs)        0000
_determine_omega_mode_active                  
_determine_packets_to_send                    
_determine_sword_was_swung                    
_display_blade_lights                         
_display_health                               
_init_accel                                   
_init_ir                                      
_init_isr                                     
_init_leds                                    
_output_ir                                    
_play_sound                                   
intlevel0                    functab      0000
intlevel1                    functab      0000
intlevel2                    functab      0000
intlevel3                    functab      0000
intlevel4                    functab      0000
intlevel5                    functab      0000
reset_vec                    reset_vec    0000
stackhi                      (abs)        0000
stacklo                      (abs)        0000
___latbits                   (abs)        0003
__Hinit                      init         0002
__Hintentry                  intentry     0002
__Hreset_vec                 reset_vec    0002
__Lend_init                  end_init     0002
__Linit                      init         0002
__Lintentry                  intentry     0002
start                        init         0002
__Hend_init                  end_init     0005
__pcstackBANK0               cstackBANK0  0020
main@pkt_arr                 cstackBANK0  0020
main@userInput               cstackBANK0  0023
main@i                       cstackBANK0  0024
__pbssBANK0                  bssBANK0     0025
main@F7229                   bssBANK0     0025
_omega_mode                  bssBANK0     0028
_GIE                         (abs)        005F
_RB3                         (abs)        006B
__pcstackCOMMON              cstackCOMMON 0070
_determine_packets_to_send$0 cstackCOMMON 0070
_output_ir$1                 cstackCOMMON 0070
putch@input                  cstackCOMMON 0070
?_printf                     cstackCOMMON 0071
printf@f                     cstackCOMMON 0071
printf@ap                    cstackCOMMON 0076
printf@c                     cstackCOMMON 0077
__pbssCOMMON                 bssCOMMON    007B
__pdataCOMMON                dataCOMMON   007D
__Hspace_1                   (abs)        007E
__S1                         (abs)        007E
_RCIF                        (abs)        008D
_TRISB                       (abs)        008D
_TRISC                       (abs)        008E
_OSCCON                      (abs)        0099
_RCREG                       (abs)        0199
_TXREG                       (abs)        019A
_SPBRG                       (abs)        019B
_RCIE                        (abs)        048D
__Hspace_0                   (abs)        08C2
__S0                         (abs)        08C2
_CREN                        (abs)        0CEC
_SPEN                        (abs)        0CEF
_TRMT                        (abs)        0CF1
_BRGH                        (abs)        0CF2
_SYNC                        (abs)        0CF4
_TXEN                        (abs)        0CF5
_BRG16                       (abs)        0CFB
__pidataCOMMON               idataCOMMON  0719
__ptext2                     text2        071A
_putch                       text2        071A
__end_of_putch               text2        0721
__ptext4                     text4        0721
_init_pic                    text4        0721
__end_of_init_pic            text4        072C
__ptext3                     text3        072C
_init_uart                   text3        072C
__end_of_init_uart           text3        073E
__ptext1                     text1        073E
_printf                      text1        073E
__end_of_printf              text1        0759
__pmaintext                  maintext     0759
_main                        maintext     0759
__Lcinit                     cinit        07F4
__end_of_main                maintext     07F4
__initialization             cinit        07F4
__end_of__initialization     cinit        07FD
__Hcinit                     cinit        0800
__pstringtext                stringtext   0800
btemp                        (abs)        007E
end_of_initialization        cinit        07FD
ltemp                        (abs)        007E
ltemp0                       (abs)        007E
ltemp3                       (abs)        0080
ltemp1                       (abs)        0082
ltemp2                       (abs)        0086
ttemp                        (abs)        007E
ttemp0                       (abs)        007E
wtemp                        (abs)        007E
wtemp0                       (abs)        007E
ttemp4                       (abs)        007F
wtemp6                       (abs)        007F
wtemp1                       (abs)        0080
ttemp1                       (abs)        0081
wtemp2                       (abs)        0082
ttemp2                       (abs)        0084
wtemp3                       (abs)        0084
wtemp4                       (abs)        0086
ttemp3                       (abs)        0087
wtemp5                       (abs)        0088
start_initialization         cinit        07F4
